
CHECK: typecheck

CHECK: lint

CHECK: unit

 RUN  v5.0.3 C:/Users/DmitryR/Documents/Сайт продажів/fruit-merge-capstone


 Test Files  7 passed (7)
      Tests  76 passed (76)
   Start at  17:09:49
   Duration  2.69s (transform 61%, worker 19%, import 17%, tests 3%)


CHECK: integration

 RUN  v5.0.3 C:/Users/DmitryR/Documents/Сайт продажів/fruit-merge-capstone


 Test Files  3 passed (3)
      Tests  7 passed (7)
   Start at  17:09:52
   Duration  668ms (import 57%, transform 26%, tests 14%, worker 2%)


CHECK: production build
vite v7.3.6 building client environment for production...
transforming...
✓ 25 modules transformed.
rendering chunks...
computing gzip size...
dist/index.html                                0.67 kB │ gzip:   0.46 kB
dist/assets/size-diagnostics-B56HxaF3.css      1.17 kB │ gzip:   0.51 kB
dist/assets/index-D9XR-YU1.css                 7.06 kB │ gzip:   2.36 kB
dist/assets/size-diagnostics-D0HId8gd.js       3.31 kB │ gzip:   1.81 kB
dist/assets/index-6GldvIJP.js              1,228.78 kB │ gzip: 340.01 kB
✓ built in 9.05s

CHECK: test build
vite v7.3.6 building client environment for e2e...
transforming...
✓ 26 modules transformed.
rendering chunks...
computing gzip size...
dist-e2e/index.html                                0.67 kB │ gzip:   0.46 kB
dist-e2e/assets/size-diagnostics-B56HxaF3.css      1.17 kB │ gzip:   0.51 kB
dist-e2e/assets/index-D9XR-YU1.css                 7.06 kB │ gzip:   2.36 kB
dist-e2e/assets/test-api-Cevd2HhT.js               1.05 kB │ gzip:   0.61 kB
dist-e2e/assets/size-diagnostics-DAWfyGbR.js       3.31 kB │ gzip:   1.81 kB
dist-e2e/assets/index-h8gaNJsw.js              1,228.94 kB │ gzip: 340.06 kB
✓ built in 7.05s

CHECK: browser acceptance + production smoke

Running 33 tests using 1 worker

  ok  1 [desktop] › tests\e2e\game.spec.ts:7:1 › FR-01 ready with all 30 textures (1.2s)
  ok  2 [desktop] › tests\e2e\game.spec.ts:8:1 › FR-02/03 real drop and collision award score (3.9s)
  ok  3 [desktop] › tests\e2e\game.spec.ts:9:1 › FR-05 cooldown blocks same-frame gestures without shifting queue (2.3s)
  ok  4 [desktop] › tests\e2e\game.spec.ts:10:1 › FR-07 pause freezes physics and timer; resume works (3.9s)
  ok  5 [desktop] › tests\e2e\game.spec.ts:11:1 › FR-06 danger ends session, restart unlocks it (7.0s)
  ok  6 [desktop] › tests\e2e\game.spec.ts:12:1 › FR-08 record survives restart and reload (6.2s)
  ok  7 [desktop] › tests\e2e\game.spec.ts:13:1 › NFR-03 ten restarts keep one collision listener and one drop (5.8s)
  ok  8 [desktop] › tests\e2e\game.spec.ts:14:1 › NFR-02 resize uses new canvas geometry (3.2s)
  ok  9 [desktop] › tests\e2e\game.spec.ts:15:1 › NFR-07 hidden tab automatically pauses (1.7s)
  ok 10 [desktop] › tests\e2e\game.spec.ts:16:1 › outside release and secondary pointer do not drop (2.0s)
  ok 11 [desktop] › tests\e2e\game.spec.ts:18:1 › physics bodies preserve catalog diameter at every rank (4.4s)
  ok 12 [desktop] › tests\e2e\sizing.spec.ts:6:1 › SIZ-02 all rendered bodies match physics through rotation (5.3s)
  ok 13 [desktop] › tests\e2e\sizing.spec.ts:16:1 › SIZ-03 all ranks stay within either wall and floor after settling (17.7s)
  ok 14 [desktop] › tests\e2e\sizing.spec.ts:26:1 › SIZ-03 merged fruit uses the same sizing and is born above floor (8.0s)
  ok 15 [desktop] › tests\e2e\sizing.spec.ts:39:1 › SIZ-05 filled vessel keeps every body inside and stable in size (3.9s)
  ok 16 [touch] › tests\e2e\game.spec.ts:7:1 › FR-01 ready with all 30 textures (1.5s)
  ok 17 [touch] › tests\e2e\game.spec.ts:8:1 › FR-02/03 real drop and collision award score (3.1s)
  ok 18 [touch] › tests\e2e\game.spec.ts:9:1 › FR-05 cooldown blocks same-frame gestures without shifting queue (1.3s)
  ok 19 [touch] › tests\e2e\game.spec.ts:10:1 › FR-07 pause freezes physics and timer; resume works (2.6s)
  ok 20 [touch] › tests\e2e\game.spec.ts:11:1 › FR-06 danger ends session, restart unlocks it (5.2s)
  ok 21 [touch] › tests\e2e\game.spec.ts:12:1 › FR-08 record survives restart and reload (5.2s)
  ok 22 [touch] › tests\e2e\game.spec.ts:13:1 › NFR-03 ten restarts keep one collision listener and one drop (3.9s)
  ok 23 [touch] › tests\e2e\game.spec.ts:14:1 › NFR-02 resize uses new canvas geometry (2.6s)
  ok 24 [touch] › tests\e2e\game.spec.ts:15:1 › NFR-07 hidden tab automatically pauses (1.2s)
  ok 25 [touch] › tests\e2e\game.spec.ts:16:1 › outside release and secondary pointer do not drop (2.1s)
  ok 26 [touch] › tests\e2e\game.spec.ts:18:1 › physics bodies preserve catalog diameter at every rank (2.7s)
  ok 27 [touch] › tests\e2e\sizing.spec.ts:6:1 › SIZ-02 all rendered bodies match physics through rotation (1.5s)
  ok 28 [touch] › tests\e2e\sizing.spec.ts:16:1 › SIZ-03 all ranks stay within either wall and floor after settling (2.5s)
  ok 29 [touch] › tests\e2e\sizing.spec.ts:26:1 › SIZ-03 merged fruit uses the same sizing and is born above floor (2.5s)
  ok 30 [touch] › tests\e2e\sizing.spec.ts:39:1 › SIZ-05 filled vessel keeps every body inside and stable in size (1.9s)
  ok 31 [production] › tests\smoke\production.spec.ts:2:1 › production boots without test API (1.1s)
  ok 32 [production] › tests\smoke\production.spec.ts:3:1 › missing asset produces actionable error (847ms)
  ok 33 [production] › tests\smoke\production.spec.ts:5:1 › SIZ-04 diagnostic shows all 30 at equal scale without changing progress (2.2s)

  33 passed (2.2m)

CHECK PASSED — types, lint, unit, integration, both builds, browsers, production isolation.
[WebServer] (node:36748) Warning: The 'NO_COLOR' env is ignored due to the 'FORCE_COLOR' env being set.
[WebServer] (Use `node --trace-warnings ...` to show where the warning was created)
[WebServer] (node:30860) Warning: The 'NO_COLOR' env is ignored due to the 'FORCE_COLOR' env being set.
[WebServer] (Use `node --trace-warnings ...` to show where the warning was created)
(node:34436) Warning: The 'NO_COLOR' env is ignored due to the 'FORCE_COLOR' env being set.
(Use `node --trace-warnings ...` to show where the warning was created)
(node:39428) Warning: The 'NO_COLOR' env is ignored due to the 'FORCE_COLOR' env being set.
(Use `node --trace-warnings ...` to show where the warning was created)
(node:39464) Warning: The 'NO_COLOR' env is ignored due to the 'FORCE_COLOR' env being set.
(Use `node --trace-warnings ...` to show where the warning was created)
