
CHECK: typecheck

CHECK: lint

CHECK: unit

 RUN  v5.0.3 C:/Users/DmitryR/Documents/Сайт продажів/fruit-merge-capstone


 Test Files  7 passed (7)
      Tests  76 passed (76)
   Start at  01:39:16
   Duration  426ms (transform 68%, import 20%, tests 7%, worker 6%)


CHECK: integration

 RUN  v5.0.3 C:/Users/DmitryR/Documents/Сайт продажів/fruit-merge-capstone


 Test Files  3 passed (3)
      Tests  7 passed (7)
   Start at  01:39:17
   Duration  378ms (transform 53%, tests 25%, import 19%, worker 3%)


CHECK: production build
vite v7.3.6 building client environment for production...
transforming...
✓ 25 modules transformed.
rendering chunks...
computing gzip size...
dist/index.html                                0.67 kB │ gzip:   0.46 kB
dist/assets/size-diagnostics-B56HxaF3.css      1.17 kB │ gzip:   0.51 kB
dist/assets/index-BcqEyNta.css                 7.06 kB │ gzip:   2.36 kB
dist/assets/size-diagnostics-DtkNQsOs.js       3.31 kB │ gzip:   1.81 kB
dist/assets/index-Cbf3GE3L.js              1,228.78 kB │ gzip: 340.01 kB
✓ built in 6.05s

CHECK: test build
vite v7.3.6 building client environment for e2e...
transforming...
✓ 26 modules transformed.
rendering chunks...
computing gzip size...
dist-e2e/index.html                                0.67 kB │ gzip:   0.46 kB
dist-e2e/assets/size-diagnostics-B56HxaF3.css      1.17 kB │ gzip:   0.51 kB
dist-e2e/assets/index-BcqEyNta.css                 7.06 kB │ gzip:   2.36 kB
dist-e2e/assets/test-api-C6iqKZdG.js               1.05 kB │ gzip:   0.61 kB
dist-e2e/assets/size-diagnostics-B3sYOSEb.js       3.31 kB │ gzip:   1.81 kB
dist-e2e/assets/index-Bto4eJ2p.js              1,228.94 kB │ gzip: 340.06 kB
✓ built in 6.46s

CHECK: browser acceptance + production smoke
[WebServer] (node:53096) Warning: The 'NO_COLOR' env is ignored due to the 'FORCE_COLOR' env being set.
[WebServer] (Use `node --trace-warnings ...` to show where the warning was created)
[WebServer] (node:52640) Warning: The 'NO_COLOR' env is ignored due to the 'FORCE_COLOR' env being set.
[WebServer] (Use `node --trace-warnings ...` to show where the warning was created)

Running 33 tests using 1 worker

(node:51268) Warning: The 'NO_COLOR' env is ignored due to the 'FORCE_COLOR' env being set.
(Use `node --trace-warnings ...` to show where the warning was created)
  ok  1 [desktop] › tests\e2e\game.spec.ts:7:1 › FR-01 ready with all 30 textures (1.2s)
  ok  2 [desktop] › tests\e2e\game.spec.ts:8:1 › FR-02/03 real drop and collision award score (3.2s)
  ok  3 [desktop] › tests\e2e\game.spec.ts:9:1 › FR-05 cooldown blocks same-frame gestures without shifting queue (1.2s)
  ok  4 [desktop] › tests\e2e\game.spec.ts:10:1 › FR-07 pause freezes physics and timer; resume works (2.3s)
  ok  5 [desktop] › tests\e2e\game.spec.ts:11:1 › FR-06 danger ends session, restart unlocks it (5.2s)
  ok  6 [desktop] › tests\e2e\game.spec.ts:12:1 › FR-08 record survives restart and reload (3.6s)
  ok  7 [desktop] › tests\e2e\game.spec.ts:13:1 › NFR-03 ten restarts keep one collision listener and one drop (2.0s)
  ok  8 [desktop] › tests\e2e\game.spec.ts:14:1 › NFR-02 resize uses new canvas geometry (1.0s)
  ok  9 [desktop] › tests\e2e\game.spec.ts:15:1 › NFR-07 hidden tab automatically pauses (1.0s)
  ok 10 [desktop] › tests\e2e\game.spec.ts:16:1 › outside release and secondary pointer do not drop (1.1s)
  ok 11 [desktop] › tests\e2e\game.spec.ts:18:1 › physics bodies preserve catalog diameter at every rank (2.0s)
  ok 12 [desktop] › tests\e2e\sizing.spec.ts:6:1 › SIZ-02 all rendered bodies match physics through rotation (1.6s)
  ok 13 [desktop] › tests\e2e\sizing.spec.ts:16:1 › SIZ-03 all ranks stay within either wall and floor after settling (2.2s)
  ok 14 [desktop] › tests\e2e\sizing.spec.ts:26:1 › SIZ-03 merged fruit uses the same sizing and is born above floor (1.1s)
  ok 15 [desktop] › tests\e2e\sizing.spec.ts:39:1 › SIZ-05 filled vessel keeps every body inside and stable in size (1.1s)
(node:36052) Warning: The 'NO_COLOR' env is ignored due to the 'FORCE_COLOR' env being set.
(Use `node --trace-warnings ...` to show where the warning was created)
  ok 16 [touch] › tests\e2e\game.spec.ts:7:1 › FR-01 ready with all 30 textures (933ms)
  ok 17 [touch] › tests\e2e\game.spec.ts:8:1 › FR-02/03 real drop and collision award score (2.9s)
  ok 18 [touch] › tests\e2e\game.spec.ts:9:1 › FR-05 cooldown blocks same-frame gestures without shifting queue (813ms)
  ok 19 [touch] › tests\e2e\game.spec.ts:10:1 › FR-07 pause freezes physics and timer; resume works (1.6s)
  ok 20 [touch] › tests\e2e\game.spec.ts:11:1 › FR-06 danger ends session, restart unlocks it (4.8s)
  ok 21 [touch] › tests\e2e\game.spec.ts:12:1 › FR-08 record survives restart and reload (3.3s)
  ok 22 [touch] › tests\e2e\game.spec.ts:13:1 › NFR-03 ten restarts keep one collision listener and one drop (1.6s)
  ok 23 [touch] › tests\e2e\game.spec.ts:14:1 › NFR-02 resize uses new canvas geometry (1.0s)
  ok 24 [touch] › tests\e2e\game.spec.ts:15:1 › NFR-07 hidden tab automatically pauses (776ms)
  ok 25 [touch] › tests\e2e\game.spec.ts:16:1 › outside release and secondary pointer do not drop (1.1s)
  ok 26 [touch] › tests\e2e\game.spec.ts:18:1 › physics bodies preserve catalog diameter at every rank (2.2s)
  ok 27 [touch] › tests\e2e\sizing.spec.ts:6:1 › SIZ-02 all rendered bodies match physics through rotation (1.2s)
  ok 28 [touch] › tests\e2e\sizing.spec.ts:16:1 › SIZ-03 all ranks stay within either wall and floor after settling (1.6s)
  ok 29 [touch] › tests\e2e\sizing.spec.ts:26:1 › SIZ-03 merged fruit uses the same sizing and is born above floor (789ms)
  ok 30 [touch] › tests\e2e\sizing.spec.ts:39:1 › SIZ-05 filled vessel keeps every body inside and stable in size (719ms)
(node:37836) Warning: The 'NO_COLOR' env is ignored due to the 'FORCE_COLOR' env being set.
(Use `node --trace-warnings ...` to show where the warning was created)
  ok 31 [production] › tests\smoke\production.spec.ts:2:1 › production boots without test API (1.0s)
  ok 32 [production] › tests\smoke\production.spec.ts:3:1 › missing asset produces actionable error (803ms)
  x  33 [production] › tests\smoke\production.spec.ts:5:1 › SIZ-04 diagnostic shows all 30 at equal scale without changing progress (1.2s)


  1) [production] › tests\smoke\production.spec.ts:5:1 › SIZ-04 diagnostic shows all 30 at equal scale without changing progress 

    Error: expect(received).toBe(expected) // Object.is equality

    Expected: true
    Received: false

       7 |  await page.goto('/?view=sizes');await expect(page.locator('[data-ready="true"]')).toBeVisible();
       8 |  await expect(page.locator('.size-grid canvas')).toHaveCount(30);
    >  9 |  expect(await page.locator('.size-grid canvas').evaluateAll(nodes=>nodes.every(node=>node.getBoundingClientRect().width===480))).toBe(true);
         |                                                                                                                                  ^
      10 |  await page.locator('#size-zoom').selectOption('0.7375');
      11 |  expect(await page.locator('.size-grid canvas').evaluateAll(nodes=>nodes.every(node=>node.getBoundingClientRect().width===354))).toBe(true);
      12 |  expect(await page.evaluate(()=>localStorage.getItem('fruit-merge.best.v1'))).toBe('22310');
        at C:\Users\DmitryR\Documents\Сайт продажів\fruit-merge-capstone\tests\smoke\production.spec.ts:9:130

    attachment #1: screenshot (image/png) ──────────────────────────────────────────────────────────
    test-results\production-SIZ-04-diagnost-09cff-e-without-changing-progress-production\test-failed-1.png
    ────────────────────────────────────────────────────────────────────────────────────────────────

    Error Context: test-results\production-SIZ-04-diagnost-09cff-e-without-changing-progress-production\error-context.md

    attachment #3: trace (application/zip) ─────────────────────────────────────────────────────────
    test-results\production-SIZ-04-diagnost-09cff-e-without-changing-progress-production\trace.zip
    Usage:

        npx playwright show-trace test-results\production-SIZ-04-diagnost-09cff-e-without-changing-progress-production\trace.zip

    ────────────────────────────────────────────────────────────────────────────────────────────────

  1 failed
    [production] › tests\smoke\production.spec.ts:5:1 › SIZ-04 diagnostic shows all 30 at equal scale without changing progress 
  32 passed (1.1m)
FAILED: browser acceptance + production smoke 
